AC_1 1 0.997264
AC_2 0 0.456679
AC_3 1 0.998670
AC_4 1 0.702246
AC_5 1 0.976937
AC_6 1 0.932333
AC_7 1 0.713485
AC_9 1 0.999247
AC_10 1 0.723068
AC_11 1 0.844518
AC_12 1 0.947686
AC_13 1 0.964541
AC_14 1 0.979335
AC_15 1 0.809439
AC_16 1 0.990722
AC_17 1 0.986754
AC_18 1 0.998870
AC_20 1 0.940684
AC_21 1 0.971109
AC_22 1 0.979716
AC_23 1 0.962759
AC_24 1 0.966594
AC_25 1 0.966594
AC_26 1 0.972272
AC_27 1 0.964541
AC_28 1 0.972099
AC_29 1 0.973434
AC_30 1 0.964541
AC_31 1 0.968733
AC_32 1 0.961139
AC_33 1 0.975823
AC_34 1 0.967866
AC_35 1 0.964541
AC_36 1 0.968733
AC_37 1 0.975823
AC_38 1 0.961139
AC_39 1 0.957298
AC_40 1 0.985017
AC_41 1 0.990054
AC_42 1 0.958018
AC_43 1 0.981627
AC_44 1 0.987197
AC_45 1 0.988400
AC_46 1 0.986600
AC_47 1 0.946256
AC_48 1 0.985073
AC_49 1 0.957190
AC_50 1 0.937807
AC_51 1 0.979335
AC_52 1 0.951866
AC_53 1 0.891571
AC_54 1 0.891571
AC_55 1 0.880973
AC_56 1 0.793786
AC_57 1 0.861713
AC_58 1 0.993647
AC_59 1 0.996531
AC_60 1 0.903703
AC_61 1 0.979368
AC_62 1 0.692387
AC_63 1 0.906884
AC_64 1 0.955001
AC_65 1 0.998977
AC_67 1 0.832379
AC_68 1 0.708564
AC_69 1 0.829483
AC_70 1 0.783752
AC_71 1 0.956960
AC_72 1 0.992920
AC_73 1 0.980863
AC_74 1 0.986721
AC_75 1 0.980196
AC_76 1 0.981466
AC_77 1 0.983752
AC_78 1 0.975711
AC_79 1 0.916916
AC_80 1 0.976970
AC_81 1 0.968917
AC_82 1 0.971976
AC_83 1 0.751211
AC_84 1 0.566910
AC_85 1 0.652778
AC_86 1 0.568865
AC_87 1 0.591485
AC_88 1 0.664373
AC_89 1 0.638898
AC_90 1 0.985764
AC_91 1 0.615471
AC_92 1 0.972968
AC_93 1 0.860408
AC_94 0 0.477214
AC_95 1 0.640254
AC_96 1 0.573511
AC_97 1 0.667753
AC_98 1 0.940747
AC_99 1 0.983887
AC_100 1 0.924335
AC_101 0 0.261268
AC_102 1 0.970532
AC_103 1 0.993130
AC_104 1 0.993584
AC_105 1 0.785342
AC_106 1 0.923514
AC_107 1 0.917229
AC_108 1 0.846078
AC_109 1 0.998614
AC_110 1 0.974966
AC_111 1 0.930304
AC_112 1 0.959982
AC_113 1 0.998963
AC_114 1 0.999211
AC_115 1 0.999055
AC_116 1 0.998742
AC_117 1 0.995191
AC_118 1 0.979449
AC_119 1 0.996754
AC_120 1 0.998503
AC_121 1 0.996754
AC_122 1 0.975060
AC_123 1 0.995562
AC_124 1 0.997849
AC_125 1 0.997987
AC_126 1 0.995699
AC_127 1 0.996626
AC_128 1 0.999864
AC_129 1 0.993098
AC_130 1 0.993098
AC_131 1 0.989853
AC_132 1 0.617216
AC_133 1 0.656774
AC_137 0 0.322348
AC_139 1 0.860858
AC_140 1 0.856387
AC_141 1 0.534018
AC_142 1 0.818448
AC_143 1 0.930304
AC_145 0 0.476974
AC_146 1 0.950017
AC_147 1 0.701581
AC_148 1 0.914785
AC_149 1 0.998600
NAC_5 1 0.886243
NAC_9 0 0.409841
NAC_10 1 0.726173
NAC_11 1 0.526573
NAC_13 0 0.475810
NAC_15 1 0.587103
NAC_21 1 0.829664
NAC_22 0 0.370088
NAC_25 1 0.572242
NAC_27 1 0.952120
NAC_30 0 0.479397
NAC_45 1 0.933718
NAC_48 1 0.554225
NAC_57 1 0.620331
NAC_60 1 0.975621
NAC_64 1 0.702668
NAC_69 1 0.676478
NAC_70 1 0.883138
NAC_71 1 0.681423
NAC_73 1 0.820362
NAC_74 1 0.603736
NAC_75 1 0.572835
NAC_76 1 0.556922
NAC_78 1 0.800525
NAC_79 1 0.679565
NAC_8212 1 0.597133
NAC_84 1 0.791109
NAC_87 0 0.205382
NAC_89 1 0.711376
NAC_91 1 0.607003
NAC_92 1 0.820180
NAC_93 1 0.688369
NAC_94 1 0.622303
NAC_95 1 0.678647
NAC_96 1 0.890443
NAC_98 1 0.963357
NAC_99 1 0.887527
NAC_100 1 0.542259
NAC_101 1 0.666913
NAC_102 1 0.611252
NAC_103 1 0.643050
NAC_104 1 0.713139
NAC_106 1 0.670847
NAC_108 1 0.560757
NAC_110 1 0.944602
NAC_111 0 0.367008
NAC_112 1 0.728272
NAC_114 1 0.797729
NAC_115 1 0.981241
NAC_122 1 0.542451
NAC_123 1 0.977556
NAC_133 0 0.476974
NAC_146 1 0.658481
AC_8 -1 -1.000000
AC_19 -1 -1.000000
AC_66 -1 -1.000000
AC_134 -1 -1.000000
AC_135 -1 -1.000000
AC_136 -1 -1.000000
AC_138 -1 -1.000000
AC_144 -1 -1.000000
AC_150 -1 -1.000000
NAC_1 -1 -1.000000
NAC_2 -1 -1.000000
NAC_3 -1 -1.000000
NAC_4 -1 -1.000000
NAC_6 -1 -1.000000
NAC_7 -1 -1.000000
NAC_8 -1 -1.000000
NAC_12 -1 -1.000000
NAC_14 -1 -1.000000
NAC_16 -1 -1.000000
NAC_17 -1 -1.000000
NAC_18 -1 -1.000000
NAC_19 -1 -1.000000
NAC_209 -1 -1.000000
NAC_23 -1 -1.000000
NAC_24 -1 -1.000000
NAC_26 -1 -1.000000
NAC_28 -1 -1.000000
NAC_29 -1 -1.000000
NAC_31 -1 -1.000000
NAC_32 -1 -1.000000
NAC_33 -1 -1.000000
NAC_34 -1 -1.000000
NAC_35 -1 -1.000000
NAC_36 -1 -1.000000
NAC_37 -1 -1.000000
NAC_38 -1 -1.000000
NAC_39 -1 -1.000000
NAC_40 -1 -1.000000
NAC_41 -1 -1.000000
NAC_42 -1 -1.000000
NAC_43 -1 -1.000000
NAC_44 -1 -1.000000
NAC_46 -1 -1.000000
NAC_47 -1 -1.000000
NAC_49 -1 -1.000000
NAC_50 -1 -1.000000
NAC_51 -1 -1.000000
NAC_52 -1 -1.000000
NAC_53 -1 -1.000000
NAC_54 -1 -1.000000
NAC_55 -1 -1.000000
NAC_56 -1 -1.000000
NAC_58 -1 -1.000000
NAC_59 -1 -1.000000
NAC_61 -1 -1.000000
NAC_62 -1 -1.000000
NAC_63 -1 -1.000000
NAC_65 -1 -1.000000
NAC_66 -1 -1.000000
NAC_67 -1 -1.000000
NAC_68 -1 -1.000000
NAC_72 -1 -1.000000
NAC_77 -1 -1.000000
NAC_80 -1 -1.000000
NAC_81 -1 -1.000000
NAC_83 -1 -1.000000
NAC_85 -1 -1.000000
NAC_86 -1 -1.000000
NAC_88 -1 -1.000000
NAC_90 -1 -1.000000
NAC_97 -1 -1.000000
NAC_105 -1 -1.000000
NAC_107 -1 -1.000000
NAC_109 -1 -1.000000
NAC_113 -1 -1.000000
NAC_116 -1 -1.000000
NAC_117 -1 -1.000000
NAC_118 -1 -1.000000
NAC_119 -1 -1.000000
NAC_120 -1 -1.000000
NAC_121 -1 -1.000000
NAC_124 -1 -1.000000
NAC_125 -1 -1.000000
NAC_126 -1 -1.000000
NAC_127 -1 -1.000000
NAC_128 -1 -1.000000
NAC_129 -1 -1.000000
NAC_130 -1 -1.000000
NAC_131 -1 -1.000000
NAC_132 -1 -1.000000
NAC_134 -1 -1.000000
NAC_135 -1 -1.000000
NAC_136 -1 -1.000000
NAC_137 -1 -1.000000
NAC_138 -1 -1.000000
NAC_139 -1 -1.000000
NAC_140 -1 -1.000000
NAC_141 -1 -1.000000
NAC_142 -1 -1.000000
NAC_143 -1 -1.000000
NAC_144 -1 -1.000000
NAC_145 -1 -1.000000
NAC_147 -1 -1.000000
NAC_148 -1 -1.000000
NAC_149 -1 -1.000000
NAC_150 -1 -1.000000
